main.c:261:6:HAL_SPI_TxCpltCallback	16	static
main.c:270:6:HAL_UART_RxCpltCallback	24	static
main.c:295:6:ascii_to_matrix	32	static
main.c:311:6:data_to_module	32	static
main.c:326:6:rotate	40	dynamic
main.c:350:6:init_max7219	32	static
main.c:379:5:main	16	static
main.c:433:6:SystemClock_Config	72	static
main.c:472:13:MX_SPI2_Init	8	static
main.c:510:13:MX_USART2_UART_Init	8	static
main.c:541:13:MX_DMA_Init	16	static
main.c:562:13:MX_GPIO_Init	40	static
main.c:602:6:Error_Handler	4	static,ignoring_inline_asm
